// Jest Snapshot v1, https://goo.gl/fbAQLP

exports[`icon测试 是个svg 1`] = `
<svg
  className="lunzi-icon"
>
  <use
    xlinkHref="#wechat"
  />
</svg>
`;
