// Jest Snapshot v1, https://goo.gl/fbAQLP

exports[`button测试 是个div 1`] = `
<div>
  我是Button
</div>
`;
